// Jest Snapshot v1, https://goo.gl/fbAQLP

exports[`component::HomePage Should match snapshoot 1`] = `
<Cell
  align="bottom"
  span={12}
>
  <Text
    adjustMargin={false}
    component="div"
    textStyle="body2"
  >
    <p>
      Second note.- Most of examples, design and content is from:
    </p>
    <p>
      <ThemedLink
        component="a"
        target="_blank"
        to="https://material.io/components/web/catalog/"
      >
        https://material.io/components/web/catalog/
      </ThemedLink>
    </p>
    <p>
      <ThemedLink
        component="a"
        target="_blank"
        to="https://react-mdc.github.io/"
      >
        https://react-mdc.github.io/
      </ThemedLink>
    </p>
  </Text>
  <Text
    adjustMargin={false}
    component="h2"
    textStyle="headline"
  >
    Getting started
  </Text>
  <Text
    adjustMargin={false}
    component="p"
    textStyle="body1"
  >
    Get up and running with React Material Components web
  </Text>
  <Highlighter
    language="bash"
  >
    $ npm install --save material-toolbox
  </Highlighter>
  <Text
    adjustMargin={false}
    component="h2"
    textStyle="headline"
  >
    Notes
  </Text>
  <p>
    1. Some components needs to refresh on first load of app, this because those components needs to know the correct values of DOM and those components have a property 
    <strong>
      refreshAt
    </strong>
     to get the timeout to be refreshed. This value depends a lot of your app. If you need to avoid that, use another library like
     
    <ThemedLink
      component="a"
      target="_blank"
      to="https://github.com/ctrlplusb/react-sizeme"
    >
      react-sizeme
    </ThemedLink>
  </p>
  <p>
    2. You have to import the css/scss files from material components, into your scss or the css as needed.
  </p>
  <Highlighter
    language="css"
  >
    @import "@material/drawer/mdc-drawer";
  </Highlighter>
</Cell>
`;
