// Jest Snapshot v1, https://goo.gl/fbAQLP

exports[`page::SnackbarPage Should match snapshoot 1`] = `
<Cell
  align="bottom"
  span={12}
>
  <Text
    adjustMargin={false}
    component="h1"
    textStyle="display1"
  >
    Snackbar
  </Text>
  <Text
    adjustMargin={false}
    component="h2"
    textStyle="headline"
  >
    Snackbar component is a React wrapper of mdc-snackbar component.
  </Text>
  <Text
    adjustMargin={false}
    component="h3"
    textStyle="title"
  >
    Design & API Documentation
  </Text>
  <p>
    <ThemedLink
      component="a"
      target="_blank"
      to="https://material.io/guidelines/components/snackbars-toasts.html"
    >
      Material Design guidelines: Snackbars & toasts
    </ThemedLink>
  </p>
  <p>
    <ThemedLink
      component="a"
      target="_blank"
      to="https://material.io/components/web/catalog/snackbars/"
    >
      Material Components Web Css and Scss customization
    </ThemedLink>
  </p>
  <Text
    adjustMargin={false}
    component="h1"
    textStyle="display1"
  >
    React Components
  </Text>
  <Text
    adjustMargin={false}
    component="h3"
    textStyle="title"
  >
    Snackbar
  </Text>
  <table
    className="table-props"
  >
    <thead>
      <tr>
        <th>
          Property
        </th>
        <th>
          Type
        </th>
        <th>
          Default
        </th>
        <th>
          Required
        </th>
        <th>
          Description
        </th>
      </tr>
    </thead>
    <tbody>
      <tr>
        <td>
          message
        </td>
        <td>
          string
        </td>
        <td />
        <td>
          âœ”
        </td>
        <td>
          message to be show
        </td>
      </tr>
      <tr>
        <td>
          actionText
        </td>
        <td>
          string
        </td>
        <td />
        <td />
        <td>
          label to put in action button
        </td>
      </tr>
      <tr>
        <td>
          align
        </td>
        <td>
          boolean
        </td>
        <td />
        <td />
        <td>
          If set to true the snackbar is at left
        </td>
      </tr>
      <tr>
        <td>
          active
        </td>
        <td>
          boolean
        </td>
        <td />
        <td />
        <td>
          True to display the if a prop is changed
        </td>
      </tr>
      <tr>
        <td>
          multiline
        </td>
        <td>
          boolean
        </td>
        <td />
        <td />
        <td>
          Set multiline design
        </td>
      </tr>
      <tr>
        <td>
          actionOnBottom
        </td>
        <td>
          boolean
        </td>
        <td />
        <td />
        <td>
          If multiline and if set this to true the action is set at bottom.
        </td>
      </tr>
      <tr>
        <td>
          dismissesOnAction
        </td>
        <td>
          boolean
        </td>
        <td>
          true
        </td>
        <td />
        <td>
          if set to false snackbar will stay visible
        </td>
      </tr>
      <tr>
        <td>
          timeout
        </td>
        <td>
          number
        </td>
        <td>
          2750
        </td>
        <td />
        <td>
          The time that snackbar is visible
        </td>
      </tr>
      <tr>
        <td>
          onClick
        </td>
        <td>
          () =&gt; void
        </td>
        <td />
        <td />
        <td>
          If actionText set needs to set this with a callback
        </td>
      </tr>
      <tr>
        <td>
          onShow
        </td>
        <td>
          () =&gt; void
        </td>
        <td />
        <td />
        <td>
          Notify snackbar has been shown.
        </td>
      </tr>
      <tr>
        <td>
          onHide
        </td>
        <td>
          () =&gt; void
        </td>
        <td />
        <td />
        <td>
          Notify snackbar has been hidden.
        </td>
      </tr>
    </tbody>
  </table>
  <BasicExample />
</Cell>
`;
